Tokens:
OPERATOR: '/' at line 1, column 1
OPERATOR: '/' at line 1, column 2
IDENTIFIER: 'Sample' at line 1, column 4
IDENTIFIER: 'code' at line 1, column 11
KEYWORD: 'for' at line 1, column 16
IDENTIFIER: 'testing' at line 1, column 20
IDENTIFIER: 'the' at line 1, column 28
IDENTIFIER: 'lexer' at line 1, column 32
KEYWORD: 'int' at line 2, column 1
IDENTIFIER: 'main' at line 2, column 5
DELIMITER: '(' at line 2, column 9
DELIMITER: ')' at line 2, column 10
DELIMITER: '{' at line 2, column 12
KEYWORD: 'float' at line 3, column 5
IDENTIFIER: 'x' at line 3, column 11
OPERATOR: '=' at line 3, column 13
FLOAT: '3.14' at line 3, column 15
DELIMITER: ';' at line 3, column 19
KEYWORD: 'int' at line 4, column 5
IDENTIFIER: 'count' at line 4, column 9
OPERATOR: '=' at line 4, column 15
INTEGER: '0' at line 4, column 17
DELIMITER: ';' at line 4, column 18
OPERATOR: '/' at line 6, column 5
OPERATOR: '/' at line 6, column 6
IDENTIFIER: 'This' at line 6, column 8
IDENTIFIER: 'is' at line 6, column 13
IDENTIFIER: 'a' at line 6, column 16
IDENTIFIER: 'comment' at line 6, column 18
KEYWORD: 'if' at line 7, column 5
DELIMITER: '(' at line 7, column 8
IDENTIFIER: 'x' at line 7, column 9
OPERATOR: '>' at line 7, column 11
FLOAT: '3.0' at line 7, column 13
DELIMITER: ')' at line 7, column 16
DELIMITER: '{' at line 7, column 18
IDENTIFIER: 'count' at line 8, column 9
OPERATOR: '=' at line 8, column 15
IDENTIFIER: 'count' at line 8, column 17
OPERATOR: '+' at line 8, column 23
INTEGER: '1' at line 8, column 25
DELIMITER: ';' at line 8, column 26
DELIMITER: '}' at line 9, column 5
KEYWORD: 'else' at line 9, column 7
DELIMITER: '{' at line 9, column 12
IDENTIFIER: 'count' at line 10, column 9
OPERATOR: '=' at line 10, column 15
INTEGER: '10' at line 10, column 17
DELIMITER: ';' at line 10, column 19
DELIMITER: '}' at line 11, column 5
KEYWORD: 'while' at line 13, column 5
DELIMITER: '(' at line 13, column 11
IDENTIFIER: 'count' at line 13, column 12
OPERATOR: '>' at line 13, column 18
INTEGER: '0' at line 13, column 20
DELIMITER: ')' at line 13, column 21
DELIMITER: '{' at line 13, column 23
IDENTIFIER: 'count' at line 14, column 9
OPERATOR: '=' at line 14, column 15
IDENTIFIER: 'count' at line 14, column 17
OPERATOR: '-' at line 14, column 23
INTEGER: '1' at line 14, column 25
DELIMITER: ';' at line 14, column 26
DELIMITER: '}' at line 15, column 5
IDENTIFIER: 'string' at line 17, column 5
IDENTIFIER: 'message' at line 17, column 12
OPERATOR: '=' at line 17, column 20
STRING_LITERAL: 'Hello, World!' at line 17, column 22
DELIMITER: ';' at line 17, column 37
KEYWORD: 'return' at line 18, column 5
INTEGER: '0' at line 18, column 12
DELIMITER: ';' at line 18, column 13
DELIMITER: '}' at line 19, column 1
EOF: '' at line 19, column 3
